// Jest Snapshot v1, https://goo.gl/fbAQLP

exports[`<Ribbon /> should render the text conrrectly 1`] = `
.c0 {
  z-index: 1;
  position: absolute;
  top: 1rem;
  display: flex;
  align-items: center;
  font-weight: 600;
  color: #FAFAFA;
  background-color: #F231A5;
  font-size: 0.875rem;
  height: 33px;
  padding: 0 16px;
  right: -14px;
}

.c0::before {
  content: '';
  position: absolute;
  right: 0;
  border-style: solid;
  border-left-width: 0rem;
  border-right-color: transparent;
  border-bottom-color: transparent;
  border-bottom-width: 1rem;
}

.c0::before {
  border-left-color: #F231A5;
  border-top-color: #F231A5;
  filter: brightness(50%);
}

.c0::before {
  top: 33px;
  border-top-width: 8px;
  border-right-width: 14px;
}

<div
  class="c0"
  color="primary"
  sizes="normal"
>
  Best Seller
</div>
`;
